micros.h:39:22:DWT_Init	4	static
micros.h:52:26:micros	4	static
main.c:111:5:acs712_calibrate	24	static
main.c:125:5:Zmpt_calibrate	24	static
main.c:139:5:factor_freq	24	static
main.c:148:7:acs712_get	40	static
main.c:170:6:Lcd_name	8	static
main.c:183:6:set	8	static
main.c:199:5:main	168	static
main.c:336:6:SystemClock_Config	88	static
main.c:382:13:MX_ADC1_Init	24	static
main.c:427:13:MX_ADC2_Init	24	static
main.c:472:13:MX_I2C1_Init	8	static
main.c:506:13:MX_USART1_UART_Init	8	static
main.c:539:13:MX_GPIO_Init	24	static
main.c:556:6:Error_Handler	4	static,ignoring_inline_asm
