micros.h:39:22:DWT_Init	4	static
micros.h:45:22:delay_us	24	static
micros.h:52:26:micros	4	static
main.c:170:6:Tim_micros	16	static
main.c:175:6:cleardata	8	static
main.c:180:6:Lcd_name	8	static
main.c:191:6:setdata_Get2	8	static
main.c:226:5:main	48	static
main.c:632:6:SystemClock_Config	88	static
main.c:678:13:MX_ADC1_Init	24	static
main.c:723:13:MX_ADC2_Init	24	static
main.c:768:13:MX_I2C1_Init	8	static
main.c:802:13:MX_TIM1_Init	32	static
main.c:848:13:MX_USART1_UART_Init	8	static
main.c:881:13:MX_GPIO_Init	40	static
main.c:927:6:Error_Handler	4	static,ignoring_inline_asm
